Component: ARM Compiler 5.06 update 3 (build 300) Tool: armlink [4d35c9]

==============================================================================

Section Cross References

    main.o(.text) refers to usart.o(.text) for com_send_str
    main.o(.text) refers to cmd_handle.o(.text) for cmd_handle_usart4
    main.o(.text) refers to memseta.o(.text) for __aeabi_memclr4
    main.o(.text) refers to msg_out.o(.text) for snmp_trap_dst_ip_set
    main.o(.text) refers to printf6.o(i.__0sprintf$6) for __2sprintf
    main.o(.text) refers to strlen.o(.text) for strlen
    main.o(.text) refers to mib2.o(.text) for snmp_set_syscontact
    main.o(.text) refers to malloc.o(.text) for mymem_init
    main.o(.text) refers to lwip_comm.o(.text) for lwip_comm_init
    main.o(.text) refers to delay.o(.text) for delay_init
    main.o(.text) refers to led.o(.text) for LED_Init
    main.o(.text) refers to misc.o(.text) for NVIC_PriorityGroupConfig
    main.o(.text) refers to timer.o(.text) for TIM4_Int_Init
    main.o(.text) refers to httpd.o(.text) for httpd_init
    main.o(.text) refers to udp_echoserver.o(.text) for udp_echoserver_init
    main.o(.text) refers to iwdg.o(.text) for IWDG_Init
    main.o(.text) refers to stm32_eth.o(.text) for ETH_ReadPHYRegister
    main.o(.text) refers to type.o(.bss) for usart1
    main.o(.text) refers to main.o(.data) for trap_addr
    main.o(.text) refers to main.o(.bss) for syscontact_str
    callback.o(.text) refers to printf6.o(i.__0sprintf$6) for __2sprintf
    callback.o(.text) refers to strlen.o(.text) for strlen
    callback.o(.text) refers to type.o(.bss) for lwipdev
    callback.o(.text) refers to httpd_cgi_ssi.o(.data) for TimeSource
    callback.o(.text) refers to stmflash.o(.text) for STMFLASH_Write
    callback.o(.text) refers to usart.o(.text) for com_send_str
    callback.o(.text) refers to atoi.o(.text) for atoi
    timer.o(.text) refers to stm32_eth.o(.text) for ETH_GetPTPRegister
    timer.o(.text) refers to stm32f10x_rcc.o(.text) for RCC_APB1PeriphClockCmd
    timer.o(.text) refers to stm32f10x_gpio.o(.text) for GPIO_PinRemapConfig
    timer.o(.text) refers to stm32f10x_tim.o(.text) for TIM_TimeBaseInit
    timer.o(.text) refers to misc.o(.text) for NVIC_Init
    timer.o(.text) refers to systime.o(.text) for getTime
    timer.o(.text) refers to dflti.o(.text) for __aeabi_i2d
    timer.o(.text) refers to cdrcmple.o(.text) for __aeabi_cdrcmple
    timer.o(.text) refers to dadd.o(.text) for __aeabi_dsub
    timer.o(.text) refers to dfixi.o(.text) for __aeabi_d2iz
    timer.o(.text) refers to ptp.o(.text) for updateClock
    timer.o(.text) refers to mib2.o(.text) for snmp_inc_sysuptime
    timer.o(.text) refers to type.o(.data) for sys_time
    timer.o(.text) refers to timer.o(.data) for ntime
    timer.o(.text) refers to lwip_comm.o(.data) for lwip_localtime
    lan8720.o(.text) refers to stm32f10x_gpio.o(.text) for GPIO_ETH_MediaInterfaceConfig
    lan8720.o(.text) refers to stm32f10x_rcc.o(.text) for RCC_PLL3Config
    lan8720.o(.text) refers to stm32_eth.o(.text) for ETH_DeInit
    lan8720.o(.text) refers to misc.o(.text) for NVIC_Init
    lan8720.o(.text) refers to lwip_comm.o(.text) for lwip_pkt_handle
    lan8720.o(.text) refers to malloc.o(.text) for myfree
    lan8720.o(.text) refers to stm32_eth.o(.data) for DMARxDescToGet
    lan8720.o(.text) refers to lan8720.o(.data) for DMARxDscrTab
    led.o(.text) refers to stm32f10x_gpio.o(.text) for GPIO_Init
    iic.o(.text) refers to stm32f10x_rcc.o(.text) for RCC_APB2PeriphClockCmd
    iic.o(.text) refers to stm32f10x_i2c.o(.text) for I2C_Init
    iic.o(.text) refers to stm32f10x_gpio.o(.text) for GPIO_Init
    iic.o(.text) refers to misc.o(.text) for NVIC_Init
    iic.o(.text) refers to iic.o(.data) for IIC_Rx_Buff_Count
    iic.o(.text) refers to iic.o(.bss) for IIC_Tx_Buff
    stmflash.o(.text) refers to stm32f10x_flash.o(.text) for FLASH_ProgramHalfWord
    stmflash.o(.text) refers to stmflash.o(.bss) for STMFLASH_BUF
    iwdg.o(.text) refers to stm32f10x_iwdg.o(.text) for IWDG_WriteAccessCmd
    startup_stm32f107xc.o(RESET) refers to startup_stm32f107xc.o(STACK) for __initial_sp
    startup_stm32f107xc.o(RESET) refers to startup_stm32f107xc.o(.text) for Reset_Handler
    startup_stm32f107xc.o(RESET) refers to stm32f10x_it.o(.text) for NMI_Handler
    startup_stm32f107xc.o(RESET) refers to timer.o(.text) for TIM3_IRQHandler
    startup_stm32f107xc.o(RESET) refers to iic.o(.text) for I2C1_EV_IRQHandler
    startup_stm32f107xc.o(RESET) refers to usart.o(.text) for USART1_IRQHandler
    startup_stm32f107xc.o(RESET) refers to lan8720.o(.text) for ETH_IRQHandler
    startup_stm32f107xc.o(.text) refers to system_stm32f10x.o(.text) for SystemInit
    startup_stm32f107xc.o(.text) refers to entry.o(.ARM.Collect$$$$00000000) for __main
    stm32f10x_gpio.o(.text) refers to stm32f10x_rcc.o(.text) for RCC_APB2PeriphResetCmd
    stm32f10x_rcc.o(.text) refers to stm32f10x_rcc.o(.data) for APBAHBPrescTable
[...]
    FLASH_HalfCycleAccessCmd                 0x080049c7   Thumb Code    22  stm32f10x_flash.o(.text)
    FLASH_PrefetchBufferCmd                  0x080049dd   Thumb Code    22  stm32f10x_flash.o(.text)
    FLASH_Unlock                             0x080049f3   Thumb Code    12  stm32f10x_flash.o(.text)
    FLASH_Lock                               0x080049ff   Thumb Code    14  stm32f10x_flash.o(.text)
    FLASH_GetStatus                          0x08004a0d   Thumb Code    48  stm32f10x_flash.o(.text)
    FLASH_WaitForLastOperation               0x08004a57   Thumb Code    42  stm32f10x_flash.o(.text)
    FLASH_ErasePage                          0x08004a81   Thumb Code    76  stm32f10x_flash.o(.text)
    FLASH_EraseAllPages                      0x08004acd   Thumb Code    72  stm32f10x_flash.o(.text)
    FLASH_EraseOptionBytes                   0x08004b15   Thumb Code   142  stm32f10x_flash.o(.text)
    FLASH_ProgramWord                        0x08004ba3   Thumb Code   110  stm32f10x_flash.o(.text)
    FLASH_ProgramHalfWord                    0x08004c11   Thumb Code    64  stm32f10x_flash.o(.text)
    FLASH_ProgramOptionByteData              0x08004c51   Thumb Code    72  stm32f10x_flash.o(.text)
    FLASH_EnableWriteProtection              0x08004c99   Thumb Code   182  stm32f10x_flash.o(.text)
    FLASH_ReadOutProtection                  0x08004d4f   Thumb Code   172  stm32f10x_flash.o(.text)
    FLASH_UserOptionByteConfig               0x08004dfb   Thumb Code    92  stm32f10x_flash.o(.text)
    FLASH_GetUserOptionByte                  0x08004e57   Thumb Code     8  stm32f10x_flash.o(.text)
    FLASH_GetWriteProtectionOptionByte       0x08004e5f   Thumb Code     6  stm32f10x_flash.o(.text)
    FLASH_GetReadOutProtectionStatus         0x08004e65   Thumb Code    20  stm32f10x_flash.o(.text)
    FLASH_GetPrefetchBufferStatus            0x08004e79   Thumb Code    20  stm32f10x_flash.o(.text)
    FLASH_ITConfig                           0x08004e8d   Thumb Code    26  stm32f10x_flash.o(.text)
    FLASH_GetFlagStatus                      0x08004ea7   Thumb Code    42  stm32f10x_flash.o(.text)
    FLASH_ClearFlag                          0x08004ed1   Thumb Code     6  stm32f10x_flash.o(.text)
    I2C_DeInit                               0x08004ee9   Thumb Code    50  stm32f10x_i2c.o(.text)
    I2C_Init                                 0x08004f1b   Thumb Code   222  stm32f10x_i2c.o(.text)
    I2C_StructInit                           0x08004ff9   Thumb Code    30  stm32f10x_i2c.o(.text)
    I2C_Cmd                                  0x08005017   Thumb Code    24  stm32f10x_i2c.o(.text)
    I2C_DMACmd                               0x0800502f   Thumb Code    24  stm32f10x_i2c.o(.text)
    I2C_DMALastTransferCmd                   0x08005047   Thumb Code    24  stm32f10x_i2c.o(.text)
    I2C_GenerateSTART                        0x0800505f   Thumb Code    24  stm32f10x_i2c.o(.text)
    I2C_GenerateSTOP                         0x08005077   Thumb Code    24  stm32f10x_i2c.o(.text)
    I2C_AcknowledgeConfig                    0x0800508f   Thumb Code    24  stm32f10x_i2c.o(.text)
    I2C_OwnAddress2Config                    0x080050a7   Thumb Code    22  stm32f10x_i2c.o(.text)
    I2C_DualAddressCmd                       0x080050bd   Thumb Code    24  stm32f10x_i2c.o(.text)
    I2C_GeneralCallCmd                       0x080050d5   Thumb Code    24  stm32f10x_i2c.o(.text)
    I2C_ITConfig                             0x080050ed   Thumb Code    18  stm32f10x_i2c.o(.text)
    I2C_SendData                             0x080050ff   Thumb Code     4  stm32f10x_i2c.o(.text)
    I2C_ReceiveData                          0x08005103   Thumb Code     8  stm32f10x_i2c.o(.text)
    I2C_Send7bitAddress                      0x0800510b   Thumb Code    18  stm32f10x_i2c.o(.text)
    I2C_ReadRegister                         0x0800511d   Thumb Code    22  stm32f10x_i2c.o(.text)
    I2C_SoftwareResetCmd                     0x08005133   Thumb Code    22  stm32f10x_i2c.o(.text)
    I2C_SMBusAlertConfig                     0x08005149   Thumb Code    28  stm32f10x_i2c.o(.text)
    I2C_TransmitPEC                          0x08005165   Thumb Code    24  stm32f10x_i2c.o(.text)
    I2C_PECPositionConfig                    0x0800517d   Thumb Code    28  stm32f10x_i2c.o(.text)
    I2C_CalculatePEC                         0x08005199   Thumb Code    24  stm32f10x_i2c.o(.text)
    I2C_GetPEC                               0x080051b1   Thumb Code     8  stm32f10x_i2c.o(.text)
    I2C_ARPCmd                               0x080051b9   Thumb Code    24  stm32f10x_i2c.o(.text)
    I2C_StretchClockCmd                      0x080051d1   Thumb Code    24  stm32f10x_i2c.o(.text)
    I2C_FastModeDutyCycleConfig              0x080051e9   Thumb Code    28  stm32f10x_i2c.o(.text)
    I2C_GetLastEvent                         0x08005205   Thumb Code    26  stm32f10x_i2c.o(.text)
    I2C_CheckEvent                           0x0800521f   Thumb Code    38  stm32f10x_i2c.o(.text)
    I2C_GetFlagStatus                        0x08005245   Thumb Code    58  stm32f10x_i2c.o(.text)
    I2C_ClearFlag                            0x0800527f   Thumb Code    12  stm32f10x_i2c.o(.text)
    I2C_GetITStatus                          0x0800528b   Thumb Code    38  stm32f10x_i2c.o(.text)
    I2C_ClearITPendingBit                    0x080052b1   Thumb Code    12  stm32f10x_i2c.o(.text)
    IWDG_WriteAccessCmd                      0x080052cd   Thumb Code     6  stm32f10x_iwdg.o(.text)
    IWDG_SetPrescaler                        0x080052d3   Thumb Code     6  stm32f10x_iwdg.o(.text)
    IWDG_SetReload                           0x080052d9   Thumb Code     6  stm32f10x_iwdg.o(.text)
    IWDG_ReloadCounter                       0x080052df   Thumb Code    10  stm32f10x_iwdg.o(.text)
    IWDG_Enable                              0x080052e9   Thumb Code    10  stm32f10x_iwdg.o(.text)
    IWDG_GetFlagStatus                       0x080052f3   Thumb Code    20  stm32f10x_iwdg.o(.text)
    delay_init                               0x0800530d   Thumb Code    42  delay.o(.text)
    delay_us                                 0x08005337   Thumb Code    72  delay.o(.text)
    delay_ms                                 0x0800537f   Thumb Code    72  delay.o(.text)
    fputc                                    0x080053d1   Thumb Code    32  usart.o(.text)
    mystrncpy                                0x080053f1   Thumb Code    26  usart.o(.text)
    com_init                                 0x08005745   Thumb Code    82  usart.o(.text)
    com_send_str                             0x080058ed   Thumb Code    70  usart.o(.text)
    set_com_interrupt_state                  0x08005933   Thumb Code   148  usart.o(.text)
    receive_str_manage                       0x080059c7   Thumb Code   462  usart.o(.text)
    clear_com_buff                           0x08005b95   Thumb Code    22  usart.o(.text)
    com_send_byte                            0x08005bab   Thumb Code   234  usart.o(.text)
    com_send_pstr                            0x08005d91   Thumb Code    60  usart.o(.text)
    USART1_IRQHandler                        0x08005dcd   Thumb Code    76  usart.o(.text)
    USART2_IRQHandler                        0x08005e19   Thumb Code    76  usart.o(.text)
    USART3_IRQHandler                        0x08005e65   Thumb Code    76  usart.o(.text)
    UART4_IRQHandler                         0x08005eb1   Thumb Code    76  usart.o(.text)
    TOD_Comma_Pos                            0x08005f21   Thumb Code    50  cmd_handle.o(.text)
    NMEA_Pow                                 0x08005f53   Thumb Code    22  cmd_handle.o(.text)
    TOD_Str2num                              0x08005f69   Thumb Code   234  cmd_handle.o(.text)
    cmd_handle_usart1                        0x08006053   Thumb Code  1836  cmd_handle.o(.text)
    cmd_handle_usart2                        0x0800677f   Thumb Code   136  cmd_handle.o(.text)
    cmd_handle_usart4                        0x08006807   Thumb Code  1522  cmd_handle.o(.text)
    cmd_handle_usart3                        0x08006df9   Thumb Code     6  cmd_handle.o(.text)
    Check_Sum                                0x08006dff   Thumb Code    28  cmd_handle.o(.text)
    lwip_comm_mem_free                       0x08006e21   Thumb Code    24  lwip_comm.o(.text)
    lwip_comm_mem_malloc                     0x08006e39   Thumb Code    60  lwip_comm.o(.text)
    lwip_comm_default_ip_set                 0x08006e75   Thumb Code   258  lwip_comm.o(.text)
    lwip_comm_init                           0x08006f77   Thumb Code   226  lwip_comm.o(.text)
    lwip_pkt_handle                          0x08007059   Thumb Code    10  lwip_comm.o(.text)
    lwip_periodic_handle                     0x08007063   Thumb Code   574  lwip_comm.o(.text)
    fs_open                                  0x08007307   Thumb Code    70  fs.o(.text)
    fs_close                                 0x0800734d   Thumb Code    12  fs.o(.text)
    fs_read                                  0x08007359   Thumb Code    62  fs.o(.text)
    fs_bytes_left                            0x08007397   Thumb Code    10  fs.o(.text)
    httpd_post_finished                      0x08007c89   Thumb Code    34  httpd.o(.text)
    httpd_post_receive_data                  0x08007fe7   Thumb Code   198  httpd.o(.text)
    httpd_post_begin                         0x080080ef   Thumb Code   116  httpd.o(.text)
    httpd_init                               0x080087c5   Thumb Code    18  httpd.o(.text)
    http_set_ssi_handler                     0x080087d7   Thumb Code   106  httpd.o(.text)
    http_set_cgi_handlers                    0x08008841   Thumb Code    70  httpd.o(.text)
    httpd_ssi_init                           0x08008981   Thumb Code    14  httpd_cgi_ssi.o(.text)
    httpd_cgi_init                           0x0800898f   Thumb Code    12  httpd_cgi_ssi.o(.text)
    etharp_tmr                               0x08008a01   Thumb Code   136  etharp.o(.text)
    etharp_cleanup_netif                     0x08008ebd   Thumb Code    52  etharp.o(.text)
    etharp_find_addr                         0x08008ef1   Thumb Code   110  etharp.o(.text)
    etharp_request                           0x0800919b   Thumb Code    36  etharp.o(.text)
    etharp_query                             0x0800924d   Thumb Code   620  etharp.o(.text)
    etharp_output                            0x080094b9   Thumb Code   388  etharp.o(.text)
    ethernet_input                           0x0800963d   Thumb Code   200  etharp.o(.text)
    ETH_PTPSubSecond2NanoSecondABC           0x0800982b   Thumb Code    22  ethernetif.o(.text)
    ethernetif_input                         0x08009aeb   Thumb Code    44  ethernetif.o(.text)
    ethernetif_init                          0x08009b17   Thumb Code    84  ethernetif.o(.text)
    icmp_input                               0x08009c11   Thumb Code   476  icmp.o(.text)
    icmp_dest_unreach                        0x08009e7d   Thumb Code    18  icmp.o(.text)
    icmp_time_exceeded                       0x08009e8f   Thumb Code    18  icmp.o(.text)
    inet_chksum_pseudo                       0x0800a073   Thumb Code   162  inet_chksum.o(.text)
    inet_chksum_pseudo_partial               0x0800a115   Thumb Code   210  inet_chksum.o(.text)
    inet_chksum                              0x0800a1e7   Thumb Code    20  inet_chksum.o(.text)
    inet_chksum_pbuf                         0x0800a1fb   Thumb Code    86  inet_chksum.o(.text)
    ip_route                                 0x0800a2b9   Thumb Code    80  ip.o(.text)
    ip_input                                 0x0800a309   Thumb Code   420  ip.o(.text)
    ip_output_if                             0x0800a4ad   Thumb Code   248  ip.o(.text)
    ip_output                                0x0800a5a5   Thumb Code    80  ip.o(.text)
    ip4_addr_isbroadcast                     0x0800a6a1   Thumb Code    78  ip_addr.o(.text)
    ip4_addr_netmask_valid                   0x0800a6ef   Thumb Code    56  ip_addr.o(.text)
    ipaddr_aton                              0x0800a727   Thumb Code   364  ip_addr.o(.text)
    ipaddr_addr                              0x0800a893   Thumb Code    24  ip_addr.o(.text)
    ipaddr_ntoa_r                            0x0800a8ab   Thumb Code   168  ip_addr.o(.text)
    ipaddr_ntoa                              0x0800a953   Thumb Code    16  ip_addr.o(.text)
    ip_reass_tmr                             0x0800ab21   Thumb Code    48  ip_frag.o(.text)
    ip_reass                                 0x0800af61   Thumb Code   390  ip_frag.o(.text)
    ip_frag                                  0x0800b16d   Thumb Code   622  ip_frag.o(.text)
    lwip_htons                               0x0800b3db   Thumb Code    12  def.o(.text)
    lwip_ntohs                               0x0800b3e7   Thumb Code    12  def.o(.text)
    lwip_htonl                               0x0800b3f3   Thumb Code    26  def.o(.text)
    lwip_ntohl                               0x0800b40d   Thumb Code    12  def.o(.text)
    lwip_init                                0x0800b419   Thumb Code    32  init.o(.text)
    memp_get_memorysize                      0x0800b439   Thumb Code     8  memp.o(.text)
    memp_init                                0x0800b441   Thumb Code    86  memp.o(.text)
    memp_malloc                              0x0800b497   Thumb Code    88  memp.o(.text)
    memp_free                                0x0800b4ef   Thumb Code    58  memp.o(.text)
    netif_init                               0x0800b5ed   Thumb Code     2  netif.o(.text)
    netif_set_gw                             0x0800b5ef   Thumb Code    12  netif.o(.text)
    netif_set_netmask                        0x0800b5fb   Thumb Code    34  netif.o(.text)
    netif_set_ipaddr                         0x0800b61d   Thumb Code   138  netif.o(.text)
    netif_set_addr                           0x0800b6a7   Thumb Code    40  netif.o(.text)
    netif_add                                0x0800b6cf   Thumb Code   122  netif.o(.text)
    netif_set_default                        0x0800b749   Thumb Code    30  netif.o(.text)
    netif_set_down                           0x0800b767   Thumb Code    52  netif.o(.text)
    netif_remove                             0x0800b79b   Thumb Code   100  netif.o(.text)
    netif_find                               0x0800b7ff   Thumb Code    64  netif.o(.text)
    netif_set_up                             0x0800b83f   Thumb Code    64  netif.o(.text)
    netif_set_link_up                        0x0800b87f   Thumb Code    54  netif.o(.text)
    netif_set_link_down                      0x0800b8b5   Thumb Code    24  netif.o(.text)
    pbuf_free                                0x0800b949   Thumb Code   244  pbuf.o(.text)
    pbuf_alloc                               0x0800ba3d   Thumb Code   638  pbuf.o(.text)
    pbuf_alloced_custom                      0x0800bcbb   Thumb Code   676  pbuf.o(.text)
    pbuf_realloc                             0x0800bf5f   Thumb Code   268  pbuf.o(.text)
    pbuf_header                              0x0800c06b   Thumb Code   206  pbuf.o(.text)
    pbuf_clen                                0x0800c139   Thumb Code    18  pbuf.o(.text)
    pbuf_ref                                 0x0800c14b   Thumb Code    10  pbuf.o(.text)
    pbuf_cat                                 0x0800c155   Thumb Code   138  pbuf.o(.text)
    pbuf_chain                               0x0800c1df   Thumb Code    22  pbuf.o(.text)
    pbuf_dechain                             0x0800c1f5   Thumb Code   122  pbuf.o(.text)
    pbuf_copy                                0x0800c26f   Thumb Code   814  pbuf.o(.text)
    pbuf_copy_partial                        0x0800c59d   Thumb Code   190  pbuf.o(.text)
    pbuf_take                                0x0800c65b   Thumb Code   210  pbuf.o(.text)
    pbuf_coalesce                            0x0800c72d   Thumb Code    84  pbuf.o(.text)
    pbuf_get_at                              0x0800c781   Thumb Code    46  pbuf.o(.text)
    pbuf_memcmp                              0x0800c7af   Thumb Code    96  pbuf.o(.text)
    pbuf_memfind                             0x0800c80f   Thumb Code    76  pbuf.o(.text)
    pbuf_strstr                              0x0800c85b   Thumb Code    60  pbuf.o(.text)
    raw_input                                0x0800c981   Thumb Code   102  raw.o(.text)
    raw_bind                                 0x0800c9e7   Thumb Code    16  raw.o(.text)
    raw_connect                              0x0800c9f7   Thumb Code    16  raw.o(.text)
    raw_recv                                 0x0800ca07   Thumb Code     6  raw.o(.text)
    raw_sendto                               0x0800ca0d   Thumb Code   178  raw.o(.text)
    raw_send                                 0x0800cabf   Thumb Code    18  raw.o(.text)
    raw_remove                               0x0800cad1   Thumb Code    60  raw.o(.text)
    raw_new                                  0x0800cb0d   Thumb Code    42  raw.o(.text)
    tcp_init                                 0x0800cbbd   Thumb Code     2  tcp.o(.text)
    tcp_seg_free                             0x0800cbbf   Thumb Code    26  tcp.o(.text)
    tcp_segs_free                            0x0800cbd9   Thumb Code    24  tcp.o(.text)
    tcp_pcb_purge                            0x0800cbf1   Thumb Code    64  tcp.o(.text)
    tcp_slowtmr                              0x0800cc31   Thumb Code  1420  tcp.o(.text)
    tcp_pcb_remove                           0x0800d1bd   Thumb Code   192  tcp.o(.text)
    tcp_close                                0x0800d45b   Thumb Code    28  tcp.o(.text)
    tcp_update_rcv_ann_wnd                   0x0800d477   Thumb Code   106  tcp.o(.text)
    tcp_recved                               0x0800d4e1   Thumb Code   380  tcp.o(.text)
    tcp_recv_null                            0x0800d65d   Thumb Code    46  tcp.o(.text)
    tcp_process_refused_data                 0x0800d68b   Thumb Code   140  tcp.o(.text)
    tcp_fasttmr                              0x0800d717   Thumb Code   110  tcp.o(.text)
    tcp_tmr                                  0x0800d785   Thumb Code    30  tcp.o(.text)
    tcp_shutdown                             0x0800d7a3   Thumb Code    98  tcp.o(.text)
    tcp_abandon                              0x0800d805   Thumb Code   164  tcp.o(.text)
    tcp_abort                                0x0800d8a9   Thumb Code    14  tcp.o(.text)
    tcp_bind                                 0x0800d917   Thumb Code   166  tcp.o(.text)
    tcp_listen_with_backlog                  0x0800d9c5   Thumb Code   222  tcp.o(.text)
    tcp_eff_send_mss                         0x0800daa3   Thumb Code    46  tcp.o(.text)
    tcp_next_iss                             0x0800dad1   Thumb Code    20  tcp.o(.text)
    tcp_connect                              0x0800dae5   Thumb Code   584  tcp.o(.text)
    tcp_setprio                              0x0800dd2d   Thumb Code     4  tcp.o(.text)
    tcp_alloc                                0x0800ddaf   Thumb Code   174  tcp.o(.text)
    tcp_new                                  0x0800de5d   Thumb Code    10  tcp.o(.text)
    tcp_arg                                  0x0800de67   Thumb Code     4  tcp.o(.text)
    tcp_recv                                 0x0800de6b   Thumb Code    42  tcp.o(.text)
    tcp_sent                                 0x0800de95   Thumb Code    42  tcp.o(.text)
    tcp_err                                  0x0800debf   Thumb Code    44  tcp.o(.text)
    tcp_accept                               0x0800deeb   Thumb Code     4  tcp.o(.text)
    tcp_poll                                 0x0800deef   Thumb Code    50  tcp.o(.text)
    tcp_debug_state_str                      0x0800df21   Thumb Code    10  tcp.o(.text)
    tcp_input                                0x0800f135   Thumb Code  1674  tcp_in.o(.text)
    tcp_enqueue_flags                        0x0800f901   Thumb Code   396  tcp_out.o(.text)
    tcp_send_fin                             0x0800fa8d   Thumb Code    74  tcp_out.o(.text)
    tcp_write                                0x0800fd63   Thumb Code  1564  tcp_out.o(.text)
    tcp_send_empty_ack                       0x0801037f   Thumb Code    78  tcp_out.o(.text)
    tcp_output                               0x0801049b   Thumb Code   662  tcp_out.o(.text)
    tcp_rst                                  0x08010731   Thumb Code   158  tcp_out.o(.text)
    tcp_rexmit_rto                           0x080107cf   Thumb Code    58  tcp_out.o(.text)
    tcp_rexmit                               0x08010809   Thumb Code    94  tcp_out.o(.text)
    tcp_rexmit_fast                          0x08010867   Thumb Code   112  tcp_out.o(.text)
    tcp_keepalive                            0x080108d7   Thumb Code    68  tcp_out.o(.text)
    tcp_zero_window_probe                    0x0801091b   Thumb Code   164  tcp_out.o(.text)
    sys_timeout                              0x080109c1   Thumb Code   174  timers.o(.text)
    tcp_timer_needed                         0x08010a97   Thumb Code    38  timers.o(.text)
    sys_timeouts_init                        0x08010ae9   Thumb Code    36  timers.o(.text)
    sys_untimeout                            0x08010b0d   Thumb Code    90  timers.o(.text)
    sys_check_timeouts                       0x08010b67   Thumb Code    92  timers.o(.text)
    sys_restart_timeouts                     0x08010bc3   Thumb Code    12  timers.o(.text)
    udp_init                                 0x08010c85   Thumb Code     2  udp.o(.text)
    udp_input                                0x08010cd7   Thumb Code   450  udp.o(.text)
    udp_bind                                 0x08010e99   Thumb Code   152  udp.o(.text)
    udp_sendto_if                            0x08010f31   Thumb Code   234  udp.o(.text)
    udp_sendto                               0x0801101b   Thumb Code    46  udp.o(.text)
    udp_send                                 0x08011049   Thumb Code    20  udp.o(.text)
    udp_connect                              0x0801105d   Thumb Code   294  udp.o(.text)
    udp_disconnect                           0x08011183   Thumb Code    16  udp.o(.text)
    udp_recv                                 0x08011193   Thumb Code     6  udp.o(.text)
    udp_remove                               0x08011199   Thumb Code    66  udp.o(.text)
    udp_new                                  0x080111db   Thumb Code    28  udp.o(.text)
    mem_init                                 0x080112d7   Thumb Code    78  mem.o(.text)
    mem_free                                 0x08011325   Thumb Code   148  mem.o(.text)
    mem_trim                                 0x080113b9   Thumb Code   308  mem.o(.text)
    mem_malloc                               0x080114ed   Thumb Code   740  mem.o(.text)
    mem_calloc                               0x080117d1   Thumb Code    34  mem.o(.text)
    sys_now                                  0x080118a1   Thumb Code     6  sys_arch.o(.text)
    mymemcpy                                 0x080118ad   Thumb Code    26  malloc.o(.text)
    mymemset                                 0x080118c7   Thumb Code    20  malloc.o(.text)
    mymem_init                               0x080118db   Thumb Code    54  malloc.o(.text)
    mem_perused                              0x08011911   Thumb Code    54  malloc.o(.text)
    mymem_malloc                             0x08011947   Thumb Code   162  malloc.o(.text)
    mymem_free                               0x080119e9   Thumb Code    94  malloc.o(.text)
    myfree                                   0x08011a47   Thumb Code    32  malloc.o(.text)
    mymalloc                                 0x08011a67   Thumb Code    36  malloc.o(.text)
    myrealloc                                0x08011a8b   Thumb Code    68  malloc.o(.text)
    snmp_asn1_dec_type                       0x08011ae1   Thumb Code    48  asn1_dec.o(.text)
    snmp_asn1_dec_length                     0x08011b11   Thumb Code   328  asn1_dec.o(.text)
    snmp_asn1_dec_u32t                       0x08011c59   Thumb Code   186  asn1_dec.o(.text)
    snmp_asn1_dec_s32t                       0x08011d13   Thumb Code   218  asn1_dec.o(.text)
    snmp_asn1_dec_oid                        0x08011ded   Thumb Code   362  asn1_dec.o(.text)
    snmp_asn1_dec_raw                        0x08011f57   Thumb Code   116  asn1_dec.o(.text)
    snmp_asn1_enc_length_cnt                 0x08011fcb   Thumb Code    26  asn1_enc.o(.text)
    snmp_asn1_enc_u32t_cnt                   0x08011fe5   Thumb Code    52  asn1_enc.o(.text)
    snmp_asn1_enc_s32t_cnt                   0x08012019   Thumb Code    46  asn1_enc.o(.text)
    snmp_asn1_enc_oid_cnt                    0x08012047   Thumb Code    56  asn1_enc.o(.text)
    snmp_asn1_enc_type                       0x0801207f   Thumb Code    46  asn1_enc.o(.text)
    snmp_asn1_enc_length                     0x080120ad   Thumb Code   148  asn1_enc.o(.text)
    snmp_asn1_enc_u32t                       0x08012141   Thumb Code   138  asn1_enc.o(.text)
    snmp_asn1_enc_s32t                       0x080121cb   Thumb Code    96  asn1_enc.o(.text)
    snmp_asn1_enc_oid                        0x0801222b   Thumb Code   278  asn1_enc.o(.text)
    snmp_asn1_enc_raw                        0x08012341   Thumb Code    98  asn1_enc.o(.text)
    snmp_ifindextonetif                      0x08012415   Thumb Code    28  mib_structs.o(.text)
    snmp_netiftoifindex                      0x08012431   Thumb Code    30  mib_structs.o(.text)
    snmp_oidtoip                             0x0801244f   Thumb Code    24  mib_structs.o(.text)
    snmp_iptooid                             0x08012467   Thumb Code    18  mib_structs.o(.text)
    snmp_mib_ln_alloc                        0x08012479   Thumb Code    28  mib_structs.o(.text)
    snmp_mib_ln_free                         0x08012495   Thumb Code    14  mib_structs.o(.text)
    snmp_mib_lrn_alloc                       0x080124a3   Thumb Code    46  mib_structs.o(.text)
    snmp_mib_lrn_free                        0x080124d1   Thumb Code    14  mib_structs.o(.text)
    snmp_mib_node_insert                     0x080124df   Thumb Code   240  mib_structs.o(.text)
    snmp_mib_node_find                       0x080125cf   Thumb Code   100  mib_structs.o(.text)
    snmp_mib_node_delete                     0x08012633   Thumb Code   138  mib_structs.o(.text)
    snmp_search_tree                         0x080126bd   Thumb Code   546  mib_structs.o(.text)
    snmp_expand_tree                         0x08012923   Thumb Code  1252  mib_structs.o(.text)
    snmp_iso_prefix_tst                      0x08012e07   Thumb Code    36  mib_structs.o(.text)
    snmp_iso_prefix_expand                   0x08012e2b   Thumb Code    78  mib_structs.o(.text)
    objectidncpy                             0x08012e99   Thumb Code    20  mib2.o(.text)
    snmp_set_sysdesr                         0x08012ead   Thumb Code    12  mib2.o(.text)
    snmp_get_sysobjid_ptr                    0x08012eb9   Thumb Code     6  mib2.o(.text)
    snmp_set_sysobjid                        0x08012ebf   Thumb Code    16  mib2.o(.text)
    snmp_inc_sysuptime                       0x08012ecf   Thumb Code    12  mib2.o(.text)
    snmp_add_sysuptime                       0x08012edb   Thumb Code    12  mib2.o(.text)
    snmp_get_sysuptime                       0x08012ee7   Thumb Code    26  mib2.o(.text)
    snmp_set_syscontact                      0x08012f01   Thumb Code    12  mib2.o(.text)
    snmp_set_sysname                         0x08012f0d   Thumb Code    12  mib2.o(.text)
    snmp_set_syslocation                     0x08012f19   Thumb Code    12  mib2.o(.text)
    snmp_add_ifinoctets                      0x08012f25   Thumb Code     8  mib2.o(.text)
    snmp_inc_ifinucastpkts                   0x08012f2d   Thumb Code     8  mib2.o(.text)
    snmp_inc_ifinnucastpkts                  0x08012f35   Thumb Code     8  mib2.o(.text)
    snmp_inc_ifindiscards                    0x08012f3d   Thumb Code     8  mib2.o(.text)
    snmp_add_ifoutoctets                     0x08012f45   Thumb Code     8  mib2.o(.text)
    snmp_inc_ifoutucastpkts                  0x08012f4d   Thumb Code     8  mib2.o(.text)
    snmp_inc_ifoutnucastpkts                 0x08012f55   Thumb Code     8  mib2.o(.text)
    snmp_inc_ifoutdiscards                   0x08012f5d   Thumb Code     8  mib2.o(.text)
    snmp_inc_iflist                          0x08012f65   Thumb Code    28  mib2.o(.text)
    snmp_dec_iflist                          0x08012f81   Thumb Code    24  mib2.o(.text)
    noleafs_set_value                        0x08012f99   Thumb Code     2  mib2.o(.text)
    noleafs_set_test                         0x08012f9b   Thumb Code     6  mib2.o(.text)
    snmp_insert_arpidx_tree                  0x080131c7   Thumb Code   186  mib2.o(.text)
    snmp_delete_arpidx_tree                  0x08013281   Thumb Code   436  mib2.o(.text)
    snmp_inc_ipinreceives                    0x08013435   Thumb Code    12  mib2.o(.text)
    snmp_inc_ipinhdrerrors                   0x08013441   Thumb Code    12  mib2.o(.text)
    snmp_inc_ipinaddrerrors                  0x0801344d   Thumb Code    12  mib2.o(.text)
    snmp_inc_ipforwdatagrams                 0x08013459   Thumb Code    12  mib2.o(.text)
    snmp_inc_ipinunknownprotos               0x08013465   Thumb Code    12  mib2.o(.text)
    snmp_inc_ipindiscards                    0x08013471   Thumb Code    12  mib2.o(.text)
    snmp_inc_ipindelivers                    0x0801347d   Thumb Code    12  mib2.o(.text)
    snmp_inc_ipoutrequests                   0x08013489   Thumb Code    12  mib2.o(.text)
    snmp_inc_ipoutdiscards                   0x08013495   Thumb Code    12  mib2.o(.text)
    snmp_inc_ipoutnoroutes                   0x080134a1   Thumb Code    12  mib2.o(.text)
    snmp_inc_ipreasmreqds                    0x080134ad   Thumb Code    12  mib2.o(.text)
    snmp_inc_ipreasmoks                      0x080134b9   Thumb Code    12  mib2.o(.text)
    snmp_inc_ipreasmfails                    0x080134c5   Thumb Code    12  mib2.o(.text)
    snmp_inc_ipfragoks                       0x080134d1   Thumb Code    12  mib2.o(.text)
    snmp_inc_ipfragfails                     0x080134dd   Thumb Code    12  mib2.o(.text)
    snmp_inc_ipfragcreates                   0x080134e9   Thumb Code    12  mib2.o(.text)
    snmp_inc_iproutingdiscards               0x080134f5   Thumb Code    12  mib2.o(.text)
    snmp_insert_ipaddridx_tree               0x08013633   Thumb Code   146  mib2.o(.text)
    snmp_delete_ipaddridx_tree               0x080136c5   Thumb Code   354  mib2.o(.text)
    snmp_insert_iprteidx_tree                0x08013a25   Thumb Code   164  mib2.o(.text)
    snmp_delete_iprteidx_tree                0x08013ac9   Thumb Code   256  mib2.o(.text)
    snmp_inc_icmpinmsgs                      0x08013bc9   Thumb Code    12  mib2.o(.text)
    snmp_inc_icmpinerrors                    0x08013bd5   Thumb Code    12  mib2.o(.text)
    snmp_inc_icmpindestunreachs              0x08013be1   Thumb Code    12  mib2.o(.text)
    snmp_inc_icmpintimeexcds                 0x08013bed   Thumb Code    64  mib2.o(.text)
    snmp_inc_icmpinparmprobs                 0x08013c2d   Thumb Code    12  mib2.o(.text)
    snmp_inc_icmpinsrcquenchs                0x08013c39   Thumb Code    12  mib2.o(.text)
    snmp_inc_icmpinredirects                 0x08013c45   Thumb Code    12  mib2.o(.text)
    snmp_inc_icmpinechos                     0x08013c51   Thumb Code    12  mib2.o(.text)
    snmp_inc_icmpinechoreps                  0x08013c5d   Thumb Code    12  mib2.o(.text)
    snmp_inc_icmpintimestamps                0x08013c69   Thumb Code    12  mib2.o(.text)
    snmp_inc_icmpintimestampreps             0x08013c75   Thumb Code    12  mib2.o(.text)
    snmp_inc_icmpinaddrmasks                 0x08013c81   Thumb Code    12  mib2.o(.text)
    snmp_inc_icmpinaddrmaskreps              0x08013c8d   Thumb Code    12  mib2.o(.text)
    snmp_inc_icmpoutmsgs                     0x08013c99   Thumb Code    12  mib2.o(.text)
    snmp_inc_icmpouterrors                   0x08013ca5   Thumb Code    12  mib2.o(.text)
    snmp_inc_icmpoutdestunreachs             0x08013cb1   Thumb Code    12  mib2.o(.text)
    snmp_inc_icmpouttimeexcds                0x08013cbd   Thumb Code    12  mib2.o(.text)
    snmp_inc_icmpoutparmprobs                0x08013cc9   Thumb Code    12  mib2.o(.text)
    snmp_inc_icmpoutsrcquenchs               0x08013cd5   Thumb Code    12  mib2.o(.text)
    snmp_inc_icmpoutredirects                0x08013ce1   Thumb Code    12  mib2.o(.text)
    snmp_inc_icmpoutechos                    0x08013ced   Thumb Code    12  mib2.o(.text)
    snmp_inc_icmpoutechoreps                 0x08013cf9   Thumb Code    12  mib2.o(.text)
    snmp_inc_icmpouttimestamps               0x08013d05   Thumb Code    12  mib2.o(.text)
    snmp_inc_icmpouttimestampreps            0x08013d11   Thumb Code    12  mib2.o(.text)
    snmp_inc_icmpoutaddrmasks                0x08013d1d   Thumb Code    12  mib2.o(.text)
    snmp_inc_icmpoutaddrmaskreps             0x08013d29   Thumb Code    12  mib2.o(.text)
    snmp_inc_tcpactiveopens                  0x08013d35   Thumb Code    12  mib2.o(.text)
    snmp_inc_tcppassiveopens                 0x08013d41   Thumb Code    12  mib2.o(.text)
    snmp_inc_tcpattemptfails                 0x08013d4d   Thumb Code    12  mib2.o(.text)
    snmp_inc_tcpestabresets                  0x08013d59   Thumb Code    12  mib2.o(.text)
    snmp_inc_tcpinsegs                       0x08013d65   Thumb Code    12  mib2.o(.text)
    snmp_inc_tcpoutsegs                      0x08013d71   Thumb Code    12  mib2.o(.text)
    snmp_inc_tcpretranssegs                  0x08013d7d   Thumb Code    12  mib2.o(.text)
    snmp_inc_tcpinerrs                       0x08013d89   Thumb Code    12  mib2.o(.text)
    snmp_inc_tcpoutrsts                      0x08013d95   Thumb Code    12  mib2.o(.text)
    snmp_inc_udpindatagrams                  0x08013da1   Thumb Code    12  mib2.o(.text)
    snmp_inc_udpnoports                      0x08013dad   Thumb Code    12  mib2.o(.text)
    snmp_inc_udpinerrors                     0x08013db9   Thumb Code    12  mib2.o(.text)
    snmp_inc_udpoutdatagrams                 0x08013dc5   Thumb Code    12  mib2.o(.text)
    snmp_insert_udpidx_tree                  0x08013ed1   Thumb Code   146  mib2.o(.text)
    snmp_delete_udpidx_tree                  0x08013f63   Thumb Code   482  mib2.o(.text)
    snmp_inc_snmpinpkts                      0x08014145   Thumb Code    12  mib2.o(.text)
    snmp_inc_snmpoutpkts                     0x08014151   Thumb Code    12  mib2.o(.text)
    snmp_inc_snmpinbadversions               0x0801415d   Thumb Code    12  mib2.o(.text)
    snmp_inc_snmpinbadcommunitynames         0x08014169   Thumb Code    12  mib2.o(.text)
    snmp_inc_snmpinbadcommunityuses          0x08014175   Thumb Code    12  mib2.o(.text)
    snmp_inc_snmpinasnparseerrs              0x08014181   Thumb Code    12  mib2.o(.text)
    snmp_inc_snmpintoobigs                   0x0801418d   Thumb Code    12  mib2.o(.text)
    snmp_inc_snmpinnosuchnames               0x08014199   Thumb Code    12  mib2.o(.text)
    snmp_inc_snmpinbadvalues                 0x080141a5   Thumb Code    12  mib2.o(.text)
    snmp_inc_snmpinreadonlys                 0x080141b1   Thumb Code    12  mib2.o(.text)
    snmp_inc_snmpingenerrs                   0x080141bd   Thumb Code    12  mib2.o(.text)
    snmp_add_snmpintotalreqvars              0x080141c9   Thumb Code    12  mib2.o(.text)
    snmp_add_snmpintotalsetvars              0x080141d5   Thumb Code    12  mib2.o(.text)
    snmp_inc_snmpingetrequests               0x080141e1   Thumb Code    12  mib2.o(.text)
    snmp_inc_snmpingetnexts                  0x080141ed   Thumb Code    12  mib2.o(.text)
    snmp_inc_snmpinsetrequests               0x080141f9   Thumb Code    12  mib2.o(.text)
    snmp_inc_snmpingetresponses              0x08014205   Thumb Code    12  mib2.o(.text)
    snmp_inc_snmpintraps                     0x08014211   Thumb Code    12  mib2.o(.text)
    snmp_inc_snmpouttoobigs                  0x0801421d   Thumb Code    12  mib2.o(.text)
    snmp_inc_snmpoutnosuchnames              0x08014229   Thumb Code    12  mib2.o(.text)
    snmp_inc_snmpoutbadvalues                0x08014235   Thumb Code    12  mib2.o(.text)
    snmp_inc_snmpoutgenerrs                  0x08014241   Thumb Code    12  mib2.o(.text)
    snmp_inc_snmpoutgetrequests              0x0801424d   Thumb Code    12  mib2.o(.text)
    snmp_inc_snmpoutgetnexts                 0x08014259   Thumb Code    12  mib2.o(.text)
    snmp_inc_snmpoutsetrequests              0x08014265   Thumb Code    12  mib2.o(.text)
    snmp_inc_snmpoutgetresponses             0x08014271   Thumb Code    12  mib2.o(.text)
    snmp_inc_snmpouttraps                    0x0801427d   Thumb Code    12  mib2.o(.text)
    snmp_get_snmpgrpid_ptr                   0x08014289   Thumb Code     6  mib2.o(.text)
    snmp_set_snmpenableauthentraps           0x0801428f   Thumb Code     8  mib2.o(.text)
    snmp_get_snmpenableauthentraps           0x08014297   Thumb Code    10  mib2.o(.text)
    noleafs_get_object_def                   0x080142a1   Thumb Code     6  mib2.o(.text)
    noleafs_get_value                        0x080142a7   Thumb Code     2  mib2.o(.text)
    snmp_varbind_free                        0x08015335   Thumb Code    38  msg_in.o(.text)
    snmp_varbind_list_free                   0x0801535b   Thumb Code    32  msg_in.o(.text)
    snmp_varbind_tail_add                    0x0801579d   Thumb Code    28  msg_in.o(.text)
    snmp_varbind_alloc                       0x08015bdf   Thumb Code   210  msg_in.o(.text)
    snmp_msg_event                           0x08015f07   Thumb Code    68  msg_in.o(.text)
    snmp_init                                0x0801679d   Thumb Code    86  msg_in.o(.text)
    snmp_varbind_tail_remove                 0x080167f3   Thumb Code    32  msg_in.o(.text)
    snmp_trap_dst_enable                     0x0801682d   Thumb Code    14  msg_out.o(.text)
    snmp_trap_dst_ip_set                     0x0801683b   Thumb Code    20  msg_out.o(.text)
    snmp_send_response                       0x08016cdb   Thumb Code   222  msg_out.o(.text)
    snmp_send_trap                           0x0801706f   Thumb Code   226  msg_out.o(.text)
    snmp_coldstart_trap                      0x08017151   Thumb Code    30  msg_out.o(.text)
    snmp_authfail_trap                       0x0801716f   Thumb Code    44  msg_out.o(.text)
    lwip_privmib_MspInit                     0x0801753b   Thumb Code    54  lwip_prvmib.o(.text)
    lwip_privmib_init                        0x08017571   Thumb Code    12  lwip_prvmib.o(.text)
    ptp_init                                 0x08017619   Thumb Code    74  ptp.o(.text)
    updateClock                              0x08017663   Thumb Code   108  ptp.o(.text)
    ETH_PTPNanoSecond2SubSecond              0x080176e5   Thumb Code    32  ptp_hardware.o(.text)
    ETH_PTPSubSecond2NanoSecond              0x08017705   Thumb Code    22  ptp_hardware.o(.text)
    ETH_PTPTime_UpdateOffset                 0x0801771b   Thumb Code   124  ptp_hardware.o(.text)
    ETH_PTPTime_SetTime                      0x08017797   Thumb Code    80  ptp_hardware.o(.text)
    ETH_PTPTime_GetTime                      0x080177ed   Thumb Code    32  systime.o(.text)
    ETH_GetTime                              0x0801780d   Thumb Code    26  systime.o(.text)
    ETH_PTPTime_AdjFreq                      0x08017827   Thumb Code    80  systime.o(.text)
    getTime                                  0x08017877   Thumb Code    20  systime.o(.text)
    setTime                                  0x0801788b   Thumb Code    20  systime.o(.text)
    normalizeTime                            0x0801789f   Thumb Code    90  systime.o(.text)
    addTime                                  0x080178f9   Thumb Code    32  systime.o(.text)
    subTime                                  0x08017919   Thumb Code    32  systime.o(.text)
    div2Time                                 0x08017939   Thumb Code    56  systime.o(.text)
    floorLog2                                0x08017971   Thumb Code    54  systime.o(.text)
    updateTime                               0x080179a7   Thumb Code    24  systime.o(.text)
    adjFreq                                  0x080179bf   Thumb Code    32  systime.o(.text)
    udp_unpack_control                       0x080179f5   Thumb Code   424  udp_echoserver.o(.text)
    udp_demo_senddata                        0x08017b9d   Thumb Code   186  udp_echoserver.o(.text)
    udp_echoserver_receive_callback          0x08017c57   Thumb Code   212  udp_echoserver.o(.text)
    udp_echoserver_init                      0x08017d2b   Thumb Code    46  udp_echoserver.o(.text)
    __aeabi_uldivmod                         0x08017d79   Thumb Code    98  uldiv.o(.text)
    __aeabi_memcpy                           0x08017ddb   Thumb Code    36  memcpya.o(.text)
    __aeabi_memcpy4                          0x08017ddb   Thumb Code     0  memcpya.o(.text)
    __aeabi_memcpy8                          0x08017ddb   Thumb Code     0  memcpya.o(.text)
    __aeabi_memset                           0x08017dff   Thumb Code    14  memseta.o(.text)
    __aeabi_memset4                          0x08017dff   Thumb Code     0  memseta.o(.text)
    __aeabi_memset8                          0x08017dff   Thumb Code     0  memseta.o(.text)
    __aeabi_memclr                           0x08017e0d   Thumb Code     4  memseta.o(.text)
    __aeabi_memclr4                          0x08017e0d   Thumb Code     0  memseta.o(.text)
    __aeabi_memclr8                          0x08017e0d   Thumb Code     0  memseta.o(.text)
    _memset$wrapper                          0x08017e11   Thumb Code    18  memseta.o(.text)
    strstr                                   0x08017e23   Thumb Code    36  strstr.o(.text)
    strncpy                                  0x08017e47   Thumb Code    24  strncpy.o(.text)
    strchr                                   0x08017e5f   Thumb Code    20  strchr.o(.text)
    strlen                                   0x08017e73   Thumb Code    14  strlen.o(.text)
    strcmp                                   0x08017e81   Thumb Code    28  strcmp.o(.text)
    memcmp                                   0x08017e9d   Thumb Code    26  memcmp.o(.text)
    strncmp                                  0x08017eb7   Thumb Code    30  strncmp.o(.text)
    atoi                                     0x08017ed5   Thumb Code    26  atoi.o(.text)
    __aeabi_dadd                             0x08017eef   Thumb Code   322  dadd.o(.text)
    __aeabi_dsub                             0x08018031   Thumb Code     6  dadd.o(.text)
    __aeabi_drsub                            0x08018037   Thumb Code     6  dadd.o(.text)
    __aeabi_dmul                             0x0801803d   Thumb Code   228  dmul.o(.text)
    __aeabi_ddiv                             0x08018121   Thumb Code   222  ddiv.o(.text)
    __aeabi_i2d                              0x080181ff   Thumb Code    34  dflti.o(.text)
    __aeabi_ui2d                             0x08018221   Thumb Code    26  dfltui.o(.text)
    __aeabi_d2iz                             0x0801823b   Thumb Code    62  dfixi.o(.text)
    __aeabi_d2ulz                            0x08018279   Thumb Code    48  dfixul.o(.text)
    __aeabi_cdrcmple                         0x080182a9   Thumb Code    48  cdrcmple.o(.text)
    __aeabi_uidiv                            0x080182d9   Thumb Code     0  uidiv.o(.text)
    __aeabi_uidivmod                         0x080182d9   Thumb Code    44  uidiv.o(.text)
    __aeabi_llsl                             0x08018305   Thumb Code    30  llshl.o(.text)
    _ll_shift_l                              0x08018305   Thumb Code     0  llshl.o(.text)
    __aeabi_llsr                             0x08018323   Thumb Code    32  llushr.o(.text)
    _ll_ushift_r                             0x08018323   Thumb Code     0  llushr.o(.text)
    __aeabi_lasr                             0x08018343   Thumb Code    36  llsshr.o(.text)
    _ll_sshift_r                             0x08018343   Thumb Code     0  llsshr.o(.text)
    strtol                                   0x08018367   Thumb Code   112  strtol.o(.text)
    __I$use$fp                               0x080183d7   Thumb Code     0  iusefp.o(.text)
    _double_round                            0x080183d7   Thumb Code    30  depilogue.o(.text)
    _double_epilogue                         0x080183f5   Thumb Code   156  depilogue.o(.text)
    __scatterload                            0x08018491   Thumb Code    28  init.o(.text)
    __scatterload_rt2                        0x08018491   Thumb Code     0  init.o(.text)
    __rt_ctype_table                         0x080184b5   Thumb Code     4  ctype_o.o(.text)
    _strtoul                                 0x080184bd   Thumb Code   158  _strtoul.o(.text)
    _chval                                   0x0801855b   Thumb Code    28  _chval.o(.text)
    __decompress                             0x08018577   Thumb Code     0  __dczerorl2.o(.text)
    __decompress1                            0x08018577   Thumb Code    86  __dczerorl2.o(.text)
    __0printf$6                              0x080185cd   Thumb Code    22  printf6.o(i.__0printf$6)
    __1printf$6                              0x080185cd   Thumb Code     0  printf6.o(i.__0printf$6)
    __2printf                                0x080185cd   Thumb Code     0  printf6.o(i.__0printf$6)
    __0sprintf$6                             0x080185ed   Thumb Code    34  printf6.o(i.__0sprintf$6)
    __1sprintf$6                             0x080185ed   Thumb Code     0  printf6.o(i.__0sprintf$6)
    __2sprintf                               0x080185ed   Thumb Code     0  printf6.o(i.__0sprintf$6)
    __aeabi_errno_addr                       0x08018615   Thumb Code     4  errno.o(i.__aeabi_errno_addr)
    __rt_errno_addr                          0x08018615   Thumb Code     0  errno.o(i.__aeabi_errno_addr)
    __scatterload_copy                       0x0801861d   Thumb Code    14  handlers.o(i.__scatterload_copy)
    __scatterload_null                       0x0801862b   Thumb Code     2  handlers.o(i.__scatterload_null)
    __scatterload_zeroinit                   0x0801862d   Thumb Code    14  handlers.o(i.__scatterload_zeroinit)
    file__img_tab_jpg                        0x0801e2c0   Data          20  fs.o(.constdata)
    file__index_shtml                        0x0801e2d4   Data          20  fs.o(.constdata)
    file__set_shtml                          0x0801e2e8   Data          20  fs.o(.constdata)
    file__timeMonitor_shtml                  0x0801e2fc   Data          20  fs.o(.constdata)
    g_psDefaultFilenames                     0x0801e310   Data          40  httpd.o(.constdata)
    g_pcTagLeadIn                            0x0801e338   Data           4  httpd.o(.constdata)
    g_pcTagLeadOut                           0x0801e33c   Data           4  httpd.o(.constdata)
    ethbroadcast                             0x0801e370   Data           6  etharp.o(.constdata)
    ethzero                                  0x0801e376   Data           6  etharp.o(.constdata)
    ip_addr_any                              0x0801e37c   Data           4  ip_addr.o(.constdata)
    ip_addr_broadcast                        0x0801e380   Data           4  ip_addr.o(.constdata)
    tcp_state_str                            0x0801e3bc   Data          44  tcp.o(.constdata)
    tcp_backoff                              0x0801e3e8   Data          13  tcp.o(.constdata)
    tcp_persist_backoff                      0x0801e3f5   Data           7  tcp.o(.constdata)
    tcp_pcb_lists                            0x0801e3fc   Data          16  tcp.o(.constdata)
    memtblsize                               0x0801e40c   Data           4  malloc.o(.constdata)
    memblksize                               0x0801e410   Data           4  malloc.o(.constdata)
    memsize                                  0x0801e414   Data           4  malloc.o(.constdata)
    prefix                                   0x0801e418   Data          16  mib_structs.o(.constdata)
    snmp_scalar                              0x0801e428   Data          20  mib2.o(.constdata)
    snmp_ids                                 0x0801e43c   Data         112  mib2.o(.constdata)
    snmp_nodes                               0x0801e4ac   Data         112  mib2.o(.constdata)
    snmp                                     0x0801e51c   Data          28  mib2.o(.constdata)
    udpentry_ids                             0x0801e538   Data           8  mib2.o(.constdata)
    udpentry_nodes                           0x0801e540   Data           8  mib2.o(.constdata)
    udpentry                                 0x0801e548   Data          28  mib2.o(.constdata)
    udp_scalar                               0x0801e564   Data          20  mib2.o(.constdata)
    udp_ids                                  0x0801e578   Data          20  mib2.o(.constdata)
    udp_nodes                                0x0801e58c   Data          20  mib2.o(.constdata)
    udp                                      0x0801e5a0   Data          28  mib2.o(.constdata)
    tcpconnentry_ids                         0x0801e5bc   Data          20  mib2.o(.constdata)
    tcpconnentry_nodes                       0x0801e5d0   Data          20  mib2.o(.constdata)
    tcpconnentry                             0x0801e5e4   Data          28  mib2.o(.constdata)
    tcp_scalar                               0x0801e600   Data          20  mib2.o(.constdata)
    tcp_ids                                  0x0801e614   Data          60  mib2.o(.constdata)
    tcp_nodes                                0x0801e650   Data          60  mib2.o(.constdata)
    tcp                                      0x0801e68c   Data          28  mib2.o(.constdata)
    icmp_scalar                              0x0801e6a8   Data          20  mib2.o(.constdata)
    icmp_ids                                 0x0801e6bc   Data         104  mib2.o(.constdata)
    icmp_nodes                               0x0801e724   Data         104  mib2.o(.constdata)
    icmp                                     0x0801e78c   Data          28  mib2.o(.constdata)
    ipntomentry_ids                          0x0801e7a8   Data          16  mib2.o(.constdata)
    ipntomentry_nodes                        0x0801e7b8   Data          16  mib2.o(.constdata)
    ipntomentry                              0x0801e7c8   Data          28  mib2.o(.constdata)
    iprteentry_ids                           0x0801e7e4   Data          52  mib2.o(.constdata)
    iprteentry_nodes                         0x0801e818   Data          52  mib2.o(.constdata)
    iprteentry                               0x0801e84c   Data          28  mib2.o(.constdata)
    ipaddrentry_ids                          0x0801e868   Data          20  mib2.o(.constdata)
    ipaddrentry_nodes                        0x0801e87c   Data          20  mib2.o(.constdata)
    ipaddrentry                              0x0801e890   Data          28  mib2.o(.constdata)
    ip_scalar                                0x0801e8ac   Data          20  mib2.o(.constdata)
    ip_ids                                   0x0801e8c0   Data          92  mib2.o(.constdata)
    ip_nodes                                 0x0801e91c   Data          92  mib2.o(.constdata)
    mib2_ip                                  0x0801e978   Data          28  mib2.o(.constdata)
    atentry_ids                              0x0801e994   Data          12  mib2.o(.constdata)
    atentry_nodes                            0x0801e9a0   Data          12  mib2.o(.constdata)
    atentry                                  0x0801e9ac   Data          28  mib2.o(.constdata)
    attable_id                               0x0801e9c8   Data           4  mib2.o(.constdata)
    attable_node                             0x0801e9cc   Data           4  mib2.o(.constdata)
    attable                                  0x0801e9d0   Data          28  mib2.o(.constdata)
    ifentry_ids                              0x0801e9ec   Data          88  mib2.o(.constdata)
    ifentry_nodes                            0x0801ea44   Data          88  mib2.o(.constdata)
    ifentry                                  0x0801ea9c   Data          28  mib2.o(.constdata)
    interfaces_scalar                        0x0801eab8   Data          20  mib2.o(.constdata)
    interfaces_ids                           0x0801eacc   Data           8  mib2.o(.constdata)
    interfaces_nodes                         0x0801ead4   Data           8  mib2.o(.constdata)
    interfaces                               0x0801eadc   Data          28  mib2.o(.constdata)
    sys_tem_scalar                           0x0801eaf8   Data          20  mib2.o(.constdata)
    sys_tem_ids                              0x0801eb0c   Data          28  mib2.o(.constdata)
    sys_tem_nodes                            0x0801eb28   Data          28  mib2.o(.constdata)
    sys_tem                                  0x0801eb44   Data          28  mib2.o(.constdata)
    mib2_ids                                 0x0801eb60   Data          32  mib2.o(.constdata)
    mib2_nodes                               0x0801eb80   Data          32  mib2.o(.constdata)
    mib2                                     0x0801eba0   Data          28  mib2.o(.constdata)
    mgmt_ids                                 0x0801ebbc   Data           4  mib2.o(.constdata)
    mgmt_nodes                               0x0801ebc0   Data           4  mib2.o(.constdata)
    mgmt                                     0x0801ebc4   Data          28  mib2.o(.constdata)
    internet_nodes                           0x0801ebe0   Data           8  mib2.o(.constdata)
    internet                                 0x0801ebe8   Data          28  mib2.o(.constdata)
    snmp_version                             0x0801ed20   Data           4  msg_in.o(.constdata)
    snmp_publiccommunity                     0x0801ed24   Data           7  msg_in.o(.constdata)
    xHTimeEntry_root                         0x0801ed2c   Data          20  lwip_prvmib.o(.constdata)
    xHTimeEntry_ids                          0x0801ed40   Data          80  lwip_prvmib.o(.constdata)
    xHTimeEntry_nodes                        0x0801ed90   Data          80  lwip_prvmib.o(.constdata)
    xHTimeEntry                              0x0801ede0   Data          28  lwip_prvmib.o(.constdata)
    xHTime_ids                               0x0801edfc   Data           4  lwip_prvmib.o(.constdata)
    xHTime_nodes                             0x0801ee00   Data           4  lwip_prvmib.o(.constdata)
    xHTime                                   0x0801ee04   Data          28  lwip_prvmib.o(.constdata)
    enterprises_ids                          0x0801ee20   Data           4  lwip_prvmib.o(.constdata)
    enterprises_nodes                        0x0801ee24   Data           4  lwip_prvmib.o(.constdata)
    enterprises                              0x0801ee28   Data          28  lwip_prvmib.o(.constdata)
    private_ids                              0x0801ee44   Data           4  lwip_prvmib.o(.constdata)
    private_nodes                            0x0801ee48   Data           4  lwip_prvmib.o(.constdata)
    mib_private                              0x0801ee4c   Data          28  lwip_prvmib.o(.constdata)
    __ctype_table                            0x0801ee68   Data         129  ctype_o.o(.constdata)
    Region$$Table$$Base                      0x0801f144   Number         0  anon$$obj.o(Region$$Table)
    Region$$Table$$Limit                     0x0801f164   Number         0  anon$$obj.o(Region$$Table)
    trap_addr                                0x20000000   Data           4  main.o(.data)
    syscontact_len                           0x20000004   Data           1  main.o(.data)
    syslocation_len                          0x20000005   Data           1  main.o(.data)
    snmpauthentraps_set                      0x20000006   Data           1  main.o(.data)
    time_cnt                                 0x20000008   Data           4  timer.o(.data)
    time_flag                                0x2000000c   Data           1  timer.o(.data)
    offset                                   0x20000010   Data           8  timer.o(.data)
    ntime                                    0x20000018   Data           8  timer.o(.data)
    tmptime                                  0x20000020   Data           8  timer.o(.data)
    DMARxDscrTab                             0x20000028   Data           4  lan8720.o(.data)
    DMATxDscrTab                             0x2000002c   Data           4  lan8720.o(.data)
    Rx_Buff                                  0x20000030   Data           4  lan8720.o(.data)
    Tx_Buff                                  0x20000034   Data           4  lan8720.o(.data)
    DMAPTPRxDscrTab                          0x20000038   Data           4  lan8720.o(.data)
    DMAPTPTxDscrTab                          0x2000003c   Data           4  lan8720.o(.data)
    led_mode_con                             0x20000040   Data          40  led.o(.data)
    IIC_Rx_Buff_Count                        0x20000068   Data           1  iic.o(.data)
    IIC_Rx_Flag                              0x20000069   Data           1  iic.o(.data)
    IIC_Tx_Buff_Count                        0x2000006a   Data           1  iic.o(.data)
    DMATxDescToSet                           0x20000080   Data           4  stm32_eth.o(.data)
    DMARxDescToGet                           0x20000084   Data           4  stm32_eth.o(.data)
    DMAPTPTxDescToSet                        0x20000088   Data           4  stm32_eth.o(.data)
    DMAPTPRxDescToGet                        0x2000008c   Data           4  stm32_eth.o(.data)
    ip_port                                  0x200000b8   Data           2  cmd_handle.o(.data)
    PTP_State_Num                            0x200000ba   Data           1  cmd_handle.o(.data)
    sys_time                                 0x200000bc   Data           4  type.o(.data)
    old_sec                                  0x200000c0   Data           4  type.o(.data)
    sntp_state                               0x200000c4   Data           3  type.o(.data)
    TCPTimer                                 0x200000c8   Data           4  lwip_comm.o(.data)
    ARPTimer                                 0x200000cc   Data           4  lwip_comm.o(.data)
    USARTTimer                               0x200000d0   Data           4  lwip_comm.o(.data)
    LEDTimer                                 0x200000d4   Data           4  lwip_comm.o(.data)
    NTPInfoTImer                             0x200000d8   Data           4  lwip_comm.o(.data)
    StateDetectTimer                         0x200000dc   Data           4  lwip_comm.o(.data)
    lwip_localtime                           0x200000e0   Data           4  lwip_comm.o(.data)
    myip                                     0x200000e4   Data           4  lwip_comm.o(.data)
    mynm                                     0x200000e8   Data           4  lwip_comm.o(.data)
    mygw                                     0x200000ec   Data           4  lwip_comm.o(.data)
    g_pcSSIExtensions                        0x200000f0   Data          16  httpd.o(.data)
    g_pfnSSIHandler                          0x20000100   Data           4  httpd.o(.data)
    g_iNumTags                               0x20000104   Data           4  httpd.o(.data)
    g_ppcTags                                0x20000108   Data           4  httpd.o(.data)
    g_pCGIs                                  0x2000010c   Data           4  httpd.o(.data)
    g_iNumCGIs                               0x20000110   Data           4  httpd.o(.data)
    TimeSource                               0x20000118   Data           7  httpd_cgi_ssi.o(.data)
    Handler_Arr                              0x2000014c   Data          44  httpd_cgi_ssi.o(.data)
    current_netif                            0x2000017c   Data           4  ip.o(.data)
    current_header                           0x20000180   Data           4  ip.o(.data)
    current_iphdr_src                        0x20000184   Data           4  ip.o(.data)
    current_iphdr_dest                       0x20000188   Data           4  ip.o(.data)
    memp_memory                              0x20000198   Data           4  memp.o(.data)
    netif_list                               0x2000019c   Data           4  netif.o(.data)
    netif_default                            0x200001a0   Data           4  netif.o(.data)
    tcp_ticks                                0x200001b0   Data           4  tcp.o(.data)
    tcp_bound_pcbs                           0x200001b4   Data           4  tcp.o(.data)
    tcp_listen_pcbs                          0x200001b8   Data           4  tcp.o(.data)
    tcp_active_pcbs                          0x200001bc   Data           4  tcp.o(.data)
    tcp_tw_pcbs                              0x200001c0   Data           4  tcp.o(.data)
    tcp_tmp_pcb                              0x200001c4   Data           4  tcp.o(.data)
    tcp_active_pcbs_changed                  0x200001c8   Data           1  tcp.o(.data)
    tcp_input_pcb                            0x200001ec   Data           4  tcp_in.o(.data)
    udp_pcbs                                 0x20000200   Data           4  udp.o(.data)
    ram_heap                                 0x20000204   Data           4  mem.o(.data)
    mallco_dev                               0x20000214   Data          20  malloc.o(.data)
    udp_root                                 0x2000022c   Data          32  mib2.o(.data)
    udptable_id                              0x2000024c   Data           4  mib2.o(.data)
    udptable_node                            0x20000250   Data           4  mib2.o(.data)
    udptable                                 0x20000254   Data          28  mib2.o(.data)
    tcpconntree_root                         0x20000270   Data          32  mib2.o(.data)
    tcpconntable_id                          0x20000290   Data           4  mib2.o(.data)
    tcpconntable_node                        0x20000294   Data           4  mib2.o(.data)
    tcpconntable                             0x20000298   Data          28  mib2.o(.data)
    ipntomtree_root                          0x200002b4   Data          32  mib2.o(.data)
    ipntomtable_id                           0x200002d4   Data           4  mib2.o(.data)
    ipntomtable_node                         0x200002d8   Data           4  mib2.o(.data)
    ipntomtable                              0x200002dc   Data          28  mib2.o(.data)
    iprtetree_root                           0x200002f8   Data          32  mib2.o(.data)
    iprtetable_id                            0x20000318   Data           4  mib2.o(.data)
    iprtetable_node                          0x2000031c   Data           4  mib2.o(.data)
    iprtetable                               0x20000320   Data          28  mib2.o(.data)
    ipaddrtree_root                          0x2000033c   Data          32  mib2.o(.data)
    ipaddrtable_id                           0x2000035c   Data           4  mib2.o(.data)
    ipaddrtable_node                         0x20000360   Data           4  mib2.o(.data)
    ipaddrtable                              0x20000364   Data          28  mib2.o(.data)
    arptree_root                             0x20000380   Data          32  mib2.o(.data)
    at_id                                    0x200003a0   Data           4  mib2.o(.data)
    mib2_at_node                             0x200003a4   Data           4  mib2.o(.data)
    at                                       0x200003a8   Data          28  mib2.o(.data)
    iflist_root                              0x200003c4   Data          32  mib2.o(.data)
    iftable_id                               0x200003e4   Data           4  mib2.o(.data)
    iftable_node                             0x200003e8   Data           4  mib2.o(.data)
    iftable                                  0x200003ec   Data          28  mib2.o(.data)
    internet_ids                             0x20000408   Data           8  mib2.o(.data)
    snmp1_pcb                                0x2000068c   Data           4  msg_in.o(.data)
    trap_dst                                 0x20000690   Data           8  msg_out.o(.data)
    xHTimeTable_ids                          0x20000720   Data           4  lwip_prvmib.o(.data)
    xHTimeTable_nodes                        0x20000724   Data           4  lwip_prvmib.o(.data)
    xHTimeTable                              0x20000728   Data          28  lwip_prvmib.o(.data)
    xhTimeParaTable                          0x20000744   Data          68  lwip_prvmib.o(.data)
    hxTimeParaLenTable                       0x20000788   Data          68  lwip_prvmib.o(.data)
    __stdout                                 0x200007d4   Data           4  stdout.o(.data)
    syscontact_str                           0x200007dc   Data         255  main.o(.bss)
    syslocation_str                          0x200008db   Data         255  main.o(.bss)
    IIC_Rx_Buff                              0x200009da   Data          40  iic.o(.bss)
    IIC_Tx_Buff                              0x20000a02   Data          40  iic.o(.bss)
    STMFLASH_BUF                             0x20000a2a   Data        2048  stmflash.o(.bss)
    udp_demo_recvbuf                         0x2000122c   Data        2048  type.o(.bss)
    PtpMonitorl                              0x20001a2c   Data         256  type.o(.bss)
    SntpMonitorl                             0x20001b2c   Data         256  type.o(.bss)
    E1Monitor1                               0x20001c2c   Data         256  type.o(.bss)
    ptp_state                                0x20001d2c   Data         136  type.o(.bss)
    e1_state                                 0x20001db4   Data         136  type.o(.bss)
    usart2                                   0x20001e3c   Data         572  type.o(.bss)
    usart4                                   0x20002078   Data         572  type.o(.bss)
    usart1                                   0x200022b4   Data         572  type.o(.bss)
    lwipdev                                  0x200024f0   Data          98  type.o(.bss)
    lwip_netif                               0x20002554   Data          88  type.o(.bss)
    sysstate                                 0x200025ac   Data          24  type.o(.bss)
    fs_memory                                0x200025c4   Data         240  fs.o(.bss)
    mem1base                                 0x20002e14   Data       43008  malloc.o(.bss)
    mem1mapbase                              0x2000d614   Data        2688  malloc.o(.bss)
    msg_input_list                           0x2000e214   Data         304  msg_in.o(.bss)
    trap_msg                                 0x2000e344   Data          68  msg_out.o(.bss)
    __initial_sp                             0x2000f388   Data           0  startup_stm32f107xc.o(STACK)



==============================================================================

Memory Map of the image

  Image Entry point : 0x08000151

  Load Region LR_IROM1 (Base: 0x08000000, Size: 0x0001f940, Max: 0x00040000, ABSOLUTE, COMPRESSED[0x0001f350])

    Execution Region ER_IROM1 (Base: 0x08000000, Size: 0x0001f164, Max: 0x00040000, ABSOLUTE)

    Base Addr    Size         Type   Attr      Idx    E Section Name        Object

    0x08000000   0x00000150   Data   RO          392    RESET               startup_stm32f107xc.o
    0x08000150   0x00000000   Code   RO         1538  * .ARM.Collect$$$$00000000  mc_w.l(entry.o)
    0x08000150   0x00000004   Code   RO         1842    .ARM.Collect$$$$00000001  mc_w.l(entry2.o)
    0x08000154   0x00000004   Code   RO         1845    .ARM.Collect$$$$00000004  mc_w.l(entry5.o)
    0x08000158   0x00000000   Code   RO         1847    .ARM.Collect$$$$00000008  mc_w.l(entry7b.o)
    0x08000158   0x00000000   Code   RO         1849    .ARM.Collect$$$$0000000A  mc_w.l(entry8b.o)
    0x08000158   0x00000008   Code   RO         1850    .ARM.Collect$$$$0000000B  mc_w.l(entry9a.o)
    0x08000160   0x00000000   Code   RO         1852    .ARM.Collect$$$$0000000D  mc_w.l(entry10a.o)
    0x08000160   0x00000000   Code   RO         1854    .ARM.Collect$$$$0000000F  mc_w.l(entry11a.o)
    0x08000160   0x00000004   Code   RO         1843    .ARM.Collect$$$$00002712  mc_w.l(entry2.o)
    0x08000164   0x00000284   Code   RO            1    .text               main.o
    0x080003e8   0x0000001a   Code   RO          197    .text               stm32f10x_it.o
    0x08000402   0x00000002   PAD
    0x08000404   0x00000184   Code   RO          235    .text               system_stm32f10x.o
    0x08000588   0x0000108c   Code   RO          253    .text               callback.o
    0x08001614   0x0000026c   Code   RO          274    .text               timer.o
    0x08001880   0x000003fc   Code   RO          296    .text               lan8720.o
    0x08001c7c   0x00000030   Code   RO          315    .text               led.o
    0x08001cac   0x000001f4   Code   RO          333    .text               iic.o
    0x08001ea0   0x00000144   Code   RO          352    .text               stmflash.o
    0x08001fe4   0x00000034   Code   RO          367    .text               iwdg.o
    0x08002018   0x00000024   Code   RO          393    .text               startup_stm32f107xc.o
    0x0800203c   0x000000dc   Code   RO          397    .text               misc.o
    0x08002118   0x0000033c   Code   RO          409    .text               stm32f10x_gpio.o
    0x08002454   0x00000504   Code   RO          421    .text               stm32f10x_rcc.o
    0x08002958   0x00000b96   Code   RO          435    .text               stm32f10x_tim.o
    0x080034ee   0x00000002   PAD
    0x080034f0   0x000003a4   Code   RO          447    .text               stm32f10x_usart.o
    0x08003894   0x00001120   Code   RO          495    .text               stm32_eth.o
    0x080049b4   0x00000534   Code   RO          510    .text               stm32f10x_flash.o
    0x08004ee8   0x000003e4   Code   RO          522    .text               stm32f10x_i2c.o
    0x080052cc   0x00000040   Code   RO          534    .text               stm32f10x_iwdg.o
    0x0800530c   0x000000c4   Code   RO          546    .text               delay.o
    0x080053d0   0x00000b50   Code   RO          576    .text               usart.o
    0x08005f20   0x00000f00   Code   RO          597    .text               cmd_handle.o
    0x08006e20   0x00000480   Code   RO          640    .text               lwip_comm.o
    0x080072a0   0x00000108   Code   RO          701    .text               fs.o
    0x080073a8   0x000015c4   Code   RO          726    .text               httpd.o
    0x0800896c   0x00000040   Code   RO          771    .text               httpd_cgi_ssi.o
    0x080089ac   0x00000de8   Code   RO          792    .text               etharp.o
    0x08009794   0x0000047c   Code   RO          816    .text               ethernetif.o
    0x08009c10   0x00000404   Code   RO          852    .text               icmp.o
    0x0800a014   0x000002a4   Code   RO          886    .text               inet_chksum.o
    0x0800a2b8   0x000003e8   Code   RO          901    .text               ip.o
    0x0800a6a0   0x0000032c   Code   RO          938    .text               ip_addr.o
    0x0800a9cc   0x00000a0e   Code   RO          961    .text               ip_frag.o
    0x0800b3da   0x0000003e   Code   RO          978    .text               def.o
    0x0800b418   0x00000020   Code   RO         1002    .text               init.o
    0x0800b438   0x000001b4   Code   RO         1030    .text               memp.o
    0x0800b5ec   0x0000035c   Code   RO         1056    .text               netif.o
    0x0800b948   0x00001038   Code   RO         1078    .text               pbuf.o
    0x0800c980   0x0000023c   Code   RO         1090    .text               raw.o
    0x0800cbbc   0x0000142c   Code   RO         1110    .text               tcp.o
    0x0800dfe8   0x000017d6   Code   RO         1134    .text               tcp_in.o
    0x0800f7be   0x00000002   PAD
    0x0800f7c0   0x000011fe   Code   RO         1157    .text               tcp_out.o
    0x080109be   0x00000002   PAD
    0x080109c0   0x000002c4   Code   RO         1170    .text               timers.o
    0x08010c84   0x00000578   Code   RO         1184    .text               udp.o
    0x080111fc   0x000006a4   Code   RO         1202    .text               mem.o
    0x080118a0   0x0000000c   Code   RO         1217    .text               sys_arch.o
    0x080118ac   0x00000234   Code   RO         1281    .text               malloc.o
    0x08011ae0   0x000004ea   Code   RO         1301    .text               asn1_dec.o
    0x08011fca   0x000003d8   Code   RO         1316    .text               asn1_enc.o
    0x080123a2   0x00000002   PAD
    0x080123a4   0x00000adc   Code   RO         1328    .text               mib_structs.o
    0x08012e80   0x000024b4   Code   RO         1345    .text               mib2.o
    0x08015334   0x000014f8   Code   RO         1368    .text               msg_in.o
    0x0801682c   0x00000980   Code   RO         1393    .text               msg_out.o
    0x080171ac   0x0000046c   Code   RO         1413    .text               lwip_prvmib.o
    0x08017618   0x000000cc   Code   RO         1475    .text               ptp.o
    0x080176e4   0x00000108   Code   RO         1491    .text               ptp_hardware.o
    0x080177ec   0x00000208   Code   RO         1503    .text               systime.o
    0x080179f4   0x00000384   Code   RO         1515    .text               udp_echoserver.o
    0x08017d78   0x00000062   Code   RO         1541    .text               mc_w.l(uldiv.o)
    0x08017dda   0x00000024   Code   RO         1543    .text               mc_w.l(memcpya.o)
    0x08017dfe   0x00000024   Code   RO         1545    .text               mc_w.l(memseta.o)
    0x08017e22   0x00000024   Code   RO         1547    .text               mc_w.l(strstr.o)
    0x08017e46   0x00000018   Code   RO         1549    .text               mc_w.l(strncpy.o)
    0x08017e5e   0x00000014   Code   RO         1551    .text               mc_w.l(strchr.o)
    0x08017e72   0x0000000e   Code   RO         1553    .text               mc_w.l(strlen.o)
    0x08017e80   0x0000001c   Code   RO         1555    .text               mc_w.l(strcmp.o)
    0x08017e9c   0x0000001a   Code   RO         1557    .text               mc_w.l(memcmp.o)
    0x08017eb6   0x0000001e   Code   RO         1559    .text               mc_w.l(strncmp.o)
    0x08017ed4   0x0000001a   Code   RO         1824    .text               mc_w.l(atoi.o)
    0x08017eee   0x0000014e   Code   RO         1826    .text               mf_w.l(dadd.o)
    0x0801803c   0x000000e4   Code   RO         1828    .text               mf_w.l(dmul.o)
    0x08018120   0x000000de   Code   RO         1830    .text               mf_w.l(ddiv.o)
    0x080181fe   0x00000022   Code   RO         1832    .text               mf_w.l(dflti.o)
    0x08018220   0x0000001a   Code   RO         1834    .text               mf_w.l(dfltui.o)
    0x0801823a   0x0000003e   Code   RO         1836    .text               mf_w.l(dfixi.o)
    0x08018278   0x00000030   Code   RO         1838    .text               mf_w.l(dfixul.o)
    0x080182a8   0x00000030   Code   RO         1840    .text               mf_w.l(cdrcmple.o)
    0x080182d8   0x0000002c   Code   RO         1857    .text               mc_w.l(uidiv.o)
    0x08018304   0x0000001e   Code   RO         1859    .text               mc_w.l(llshl.o)
    0x08018322   0x00000020   Code   RO         1861    .text               mc_w.l(llushr.o)
    0x08018342   0x00000024   Code   RO         1863    .text               mc_w.l(llsshr.o)
    0x08018366   0x00000070   Code   RO         1872    .text               mc_w.l(strtol.o)
    0x080183d6   0x00000000   Code   RO         1874    .text               mc_w.l(iusefp.o)
    0x080183d6   0x000000ba   Code   RO         1875    .text               mf_w.l(depilogue.o)
    0x08018490   0x00000024   Code   RO         1877    .text               mc_w.l(init.o)
    0x080184b4   0x00000008   Code   RO         1879    .text               mc_w.l(ctype_o.o)
    0x080184bc   0x0000009e   Code   RO         1907    .text               mc_w.l(_strtoul.o)
    0x0801855a   0x0000001c   Code   RO         1909    .text               mc_w.l(_chval.o)
    0x08018576   0x00000056   Code   RO         1919    .text               mc_w.l(__dczerorl2.o)
    0x080185cc   0x00000020   Code   RO         1718    i.__0printf$6       mc_w.l(printf6.o)
    0x080185ec   0x00000028   Code   RO         1720    i.__0sprintf$6      mc_w.l(printf6.o)
    0x08018614   0x00000008   Code   RO         1865    i.__aeabi_errno_addr  mc_w.l(errno.o)
    0x0801861c   0x0000000e   Code   RO         1913    i.__scatterload_copy  mc_w.l(handlers.o)
    0x0801862a   0x00000002   Code   RO         1914    i.__scatterload_null  mc_w.l(handlers.o)
    0x0801862c   0x0000000e   Code   RO         1915    i.__scatterload_zeroinit  mc_w.l(handlers.o)
    0x0801863a   0x00000002   PAD
    0x0801863c   0x000002f0   Code   RO         1725    i._printf_core      mc_w.l(printf6.o)
    0x0801892c   0x00000024   Code   RO         1726    i._printf_post_padding  mc_w.l(printf6.o)
    0x08018950   0x0000002e   Code   RO         1727    i._printf_pre_padding  mc_w.l(printf6.o)
    0x0801897e   0x0000000a   Code   RO         1729    i._sputc            mc_w.l(printf6.o)
    0x08018988   0x00005988   Data   RO          703    .constdata          fs.o
    0x0801e310   0x00000030   Data   RO          728    .constdata          httpd.o
    0x0801e340   0x00000030   Data   RO          772    .constdata          httpd_cgi_ssi.o
    0x0801e370   0x0000000c   Data   RO          794    .constdata          etharp.o
    0x0801e37c   0x00000008   Data   RO          940    .constdata          ip_addr.o
    0x0801e384   0x00000038   Data   RO         1032    .constdata          memp.o
    0x0801e3bc   0x00000050   Data   RO         1111    .constdata          tcp.o
    0x0801e40c   0x0000000c   Data   RO         1283    .constdata          malloc.o
    0x0801e418   0x00000010   Data   RO         1330    .constdata          mib_structs.o
    0x0801e428   0x000008f8   Data   RO         1346    .constdata          mib2.o
    0x0801ed20   0x0000000b   Data   RO         1370    .constdata          msg_in.o
    0x0801ed2b   0x00000001   PAD
    0x0801ed2c   0x0000013c   Data   RO         1414    .constdata          lwip_prvmib.o
    0x0801ee68   0x00000081   Data   RO         1880    .constdata          mc_w.l(ctype_o.o)
    0x0801eee9   0x00000003   PAD
    0x0801eeec   0x00000004   Data   RO         1881    .constdata          mc_w.l(ctype_o.o)
    0x0801eef0   0x0000006a   Data   RO          729    .conststring        httpd.o
    0x0801ef5a   0x00000002   PAD
    0x0801ef5c   0x000000d2   Data   RO          773    .conststring        httpd_cgi_ssi.o
    0x0801f02e   0x00000002   PAD
    0x0801f030   0x00000044   Data   RO          795    .conststring        etharp.o
    0x0801f074   0x00000075   Data   RO         1112    .conststring        tcp.o
    0x0801f0e9   0x00000003   PAD
    0x0801f0ec   0x00000055   Data   RO         1158    .conststring        tcp_out.o
    0x0801f141   0x00000003   PAD
    0x0801f144   0x00000020   Data   RO         1911    Region$$Table       anon$$obj.o


    Execution Region RW_IRAM1 (Base: 0x20000000, Size: 0x0000f388, Max: 0x00010000, ABSOLUTE, COMPRESSED[0x000001ec])

    Base Addr    Size         Type   Attr      Idx    E Section Name        Object

    0x20000000   0x00000007   Data   RW            3    .data               main.o
    0x20000007   0x00000001   PAD
    0x20000008   0x00000020   Data   RW          275    .data               timer.o
    0x20000028   0x00000018   Data   RW          297    .data               lan8720.o
    0x20000040   0x00000028   Data   RW          316    .data               led.o
    0x20000068   0x00000003   Data   RW          335    .data               iic.o
    0x2000006b   0x00000014   Data   RW          422    .data               stm32f10x_rcc.o
    0x2000007f   0x00000001   PAD
    0x20000080   0x00000010   Data   RW          496    .data               stm32_eth.o
    0x20000090   0x00000004   Data   RW          547    .data               delay.o
    0x20000094   0x00000024   Data   RW          577    .data               usart.o
    0x200000b8   0x00000003   Data   RW          598    .data               cmd_handle.o
    0x200000bb   0x00000001   PAD
    0x200000bc   0x0000000b   Data   RW          627    .data               type.o
    0x200000c7   0x00000001   PAD
    0x200000c8   0x00000028   Data   RW          641    .data               lwip_comm.o
    0x200000f0   0x00000026   Data   RW          730    .data               httpd.o
    0x20000116   0x00000002   PAD
    0x20000118   0x00000060   Data   RW          774    .data               httpd_cgi_ssi.o
    0x20000178   0x00000001   Data   RW          796    .data               etharp.o
    0x20000179   0x00000003   PAD
    0x2000017c   0x00000012   Data   RW          902    .data               ip.o
    0x2000018e   0x00000002   PAD
    0x20000190   0x00000006   Data   RW          962    .data               ip_frag.o
    0x20000196   0x00000002   PAD
    0x20000198   0x00000004   Data   RW         1033    .data               memp.o
    0x2000019c   0x00000009   Data   RW         1057    .data               netif.o
    0x200001a5   0x00000003   PAD
    0x200001a8   0x00000004   Data   RW         1091    .data               raw.o
    0x200001ac   0x00000024   Data   RW         1113    .data               tcp.o
    0x200001d0   0x00000020   Data   RW         1136    .data               tcp_in.o
    0x200001f0   0x0000000c   Data   RW         1171    .data               timers.o
    0x200001fc   0x00000008   Data   RW         1185    .data               udp.o
    0x20000204   0x00000010   Data   RW         1203    .data               mem.o
    0x20000214   0x00000014   Data   RW         1284    .data               malloc.o
    0x20000228   0x00000001   Data   RW         1331    .data               mib_structs.o
    0x20000229   0x00000003   PAD
    0x2000022c   0x00000460   Data   RW         1347    .data               mib2.o
    0x2000068c   0x00000004   Data   RW         1371    .data               msg_in.o
    0x20000690   0x00000008   Data   RW         1395    .data               msg_out.o
    0x20000698   0x00000134   Data   RW         1415    .data               lwip_prvmib.o
    0x200007cc   0x00000004   Data   RW         1476    .data               ptp.o
    0x200007d0   0x00000001   Data   RW         1516    .data               udp_echoserver.o
    0x200007d1   0x00000003   PAD
    0x200007d4   0x00000004   Data   RW         1856    .data               mc_w.l(stdout.o)
    0x200007d8   0x00000004   Data   RW         1868    .data               mc_w.l(errno.o)
    0x200007dc   0x000001fe   Zero   RW            2    .bss                main.o
    0x200009da   0x00000050   Zero   RW          334    .bss                iic.o
    0x20000a2a   0x00000800   Zero   RW          353    .bss                stmflash.o
    0x2000122a   0x00000002   PAD
    0x2000122c   0x00001398   Zero   RW          626    .bss                type.o
    0x200025c4   0x000000f0   Zero   RW          702    .bss                fs.o
    0x200026b4   0x00000640   Zero   RW          727    .bss                httpd.o
    0x20002cf4   0x000000c8   Zero   RW          793    .bss                etharp.o
    0x20002dbc   0x00000010   Zero   RW          939    .bss                ip_addr.o
    0x20002dcc   0x00000038   Zero   RW         1031    .bss                memp.o
    0x20002e04   0x00000010   Zero   RW         1135    .bss                tcp_in.o
    0x20002e14   0x0000b280   Zero   RW         1282    .bss                malloc.o
    0x2000e094   0x00000180   Zero   RW         1329    .bss                mib_structs.o
    0x2000e214   0x00000130   Zero   RW         1369    .bss                msg_in.o
    0x2000e344   0x00000044   Zero   RW         1394    .bss                msg_out.o
    0x2000e388   0x00001000   Zero   RW          390    STACK               startup_stm32f107xc.o


==============================================================================

Image component sizes


      Code (inc. data)   RO Data    RW Data    ZI Data      Debug   Object Name

      1258          0          0          0          0       4956   asn1_dec.o
       984          0          0          0          0       5541   asn1_enc.o
      4236        606          0          0          0       7641   callback.o
      3840        370          0          3          0       9334   cmd_handle.o
         0          0          0          0          0         32   core_cm3.o
        62          0          0          0          0       1142   def.o
       196         10          0          4          0       1039   delay.o
      3560        600         80          1        200      10147   etharp.o
      1148        166          0          0          0       7105   ethernetif.o
       264          8      22920          0        240       4805   fs.o
      5572        840        154         38       1600      23998   httpd.o
        64         18        258         96          0       5081   httpd_cgi_ssi.o
      1028        372          0          0          0       2678   icmp.o
       500         56          0          3         80       1887   iic.o
         0          0          0          0          0       3836   inet.o
       676        104          0          0          0       3121   inet_chksum.o
        32          0          0          0          0        496   init.o
      1000        172          0         18          0       9406   ip.o
       812        112          8          0         16       9971   ip_addr.o
      2574        486          0          6          0       7532   ip_frag.o
        52          6          0          0          0        694   iwdg.o
      1020         56          0         24          0       3721   lan8720.o
        48          6          0         40          0       1150   led.o
      1152        152          0         40          0      17026   lwip_comm.o
      1132        224        316        308          0       8381   lwip_prvmib.o
       644         98          0          7        510     337500   main.o
       564         18         12         20      45696       4465   malloc.o
      1700        532          0         16          0       4026   mem.o
       436        196         56          4         56       2820   memp.o
      9396       1406       2296       1120          0      46157   mib2.o
      2780        218         16          1        384       9099   mib_structs.o
       220         22          0          0          0       1885   misc.o
      5368        248         11          4        304      13837   msg_in.o
      2432         26          0          8         68       8605   msg_out.o
       860        124          0          9          0       6937   netif.o
      4152       1236          0          0          0       9457   pbuf.o
       204         22          0          4          0       1279   ptp.o
       264          6          0          0          0       1899   ptp_hardware.o
       572        134          0          4          0       3437   raw.o
        36          8        336          0       4096        788   startup_stm32f107xc.o
      4384        118          0         16          0      24041   stm32_eth.o
      1332         34          0          0          0       7422   stm32f10x_flash.o
       828         38          0          0          0       5713   stm32f10x_gpio.o
       996         16          0          0          0       9076   stm32f10x_i2c.o
        26          0          0          0          0       1190   stm32f10x_it.o
        64          6          0          0          0       1309   stm32f10x_iwdg.o
      1284         64          0         20          0      11426   stm32f10x_rcc.o
      2966         28          0          0          0      24868   stm32f10x_tim.o
       932         22          0          0          0       8031   stm32f10x_usart.o
       324          8          0          0       2048       2730   stmflash.o
        12          6          0          0          0        442   sys_arch.o
       388         26          0          0          0       1177   system_stm32f10x.o
       520         22          0          0          0       3162   systime.o
      5164       1098        197         36          0      22039   tcp.o
      6102        938          0         32         16      15111   tcp_in.o
      4606        866         85          0          0      10043   tcp_out.o
       620         52          0         32          0       5979   timer.o
       708        182          0         12          0       2839   timers.o
         0          0          0         11       5016       3749   type.o
      1400        202          0          8          0       7042   udp.o
       900         32          0          1          0       4006   udp_echoserver.o
      2896        138          0         36          0      11101   usart.o

    ----------------------------------------------------------------------
     97300      12554      26788       2004      60332     785407   Object Totals
         0          0         32          0          0          0   (incl. Generated)
        10          0         11         22          2          0   (incl. Padding)

    ----------------------------------------------------------------------

      Code (inc. data)   RO Data    RW Data    ZI Data      Debug   Library Member Name

        86          0          0          0          0          0   __dczerorl2.o
        28          0          0          0          0         68   _chval.o
       158          0          0          0          0         92   _strtoul.o
        26          0          0          0          0         80   atoi.o
         8          4        133          0          0         68   ctype_o.o
         0          0          0          0          0          0   entry.o
         0          0          0          0          0          0   entry10a.o
         0          0          0          0          0          0   entry11a.o
         8          4          0          0          0          0   entry2.o
         4          0          0          0          0          0   entry5.o
         0          0          0          0          0          0   entry7b.o
         0          0          0          0          0          0   entry8b.o
         8          4          0          0          0          0   entry9a.o
         8          4          0          4          0         68   errno.o
        30          0          0          0          0          0   handlers.o
        36          8          0          0          0         68   init.o
         0          0          0          0          0          0   iusefp.o
        30          0          0          0          0         68   llshl.o
        36          0          0          0          0         68   llsshr.o
        32          0          0          0          0         68   llushr.o
        26          0          0          0          0         80   memcmp.o
        36          0          0          0          0         68   memcpya.o
        36          0          0          0          0        108   memseta.o
       916         20          0          0          0        504   printf6.o
         0          0          0          4          0          0   stdout.o
        20          0          0          0          0         68   strchr.o
        28          0          0          0          0         76   strcmp.o
        14          0          0          0          0         68   strlen.o
        30          0          0          0          0         80   strncmp.o
        24          0          0          0          0         76   strncpy.o
        36          0          0          0          0         80   strstr.o
       112          0          0          0          0         88   strtol.o
        44          0          0          0          0         80   uidiv.o
        98          0          0          0          0         92   uldiv.o
        48          0          0          0          0         68   cdrcmple.o
       334          0          0          0          0        148   dadd.o
       222          0          0          0          0        100   ddiv.o
       186          0          0          0          0        176   depilogue.o
        62          0          0          0          0         80   dfixi.o
        48          0          0          0          0         68   dfixul.o
        34          0          0          0          0         76   dflti.o
        26          0          0          0          0         76   dfltui.o
       228          0          0          0          0         96   dmul.o

    ----------------------------------------------------------------------
      3108         44        136          8          0       3004   Library Totals
         2          0          3          0          0          0   (incl. Padding)

    ----------------------------------------------------------------------

      Code (inc. data)   RO Data    RW Data    ZI Data      Debug   Library Name

      1918         44        133          8          0       2116   mc_w.l
      1188          0          0          0          0        888   mf_w.l

    ----------------------------------------------------------------------
      3108         44        136          8          0       3004   Library Totals

    ----------------------------------------------------------------------

==============================================================================


      Code (inc. data)   RO Data    RW Data    ZI Data      Debug   

    100408      12598      26924       2012      60332     781727   Grand Totals
    100408      12598      26924        492      60332     781727   ELF Image Totals (compressed)
    100408      12598      26924        492          0          0   ROM Totals

==============================================================================

    Total RO  Size (Code + RO Data)               127332 ( 124.35kB)
    Total RW  Size (RW Data + ZI Data)             62344 (  60.88kB)
    Total ROM Size (Code + RO Data + RW Data)     127824 ( 124.83kB)

==============================================================================

